\BOOKMARK [1][-]{section*.4}{\376\377\000\040\000D\000A\000N\000H\000\040\000M\036\344\000C\000\040\000K\000\335\000\040\000H\000I\036\306\000U\000\040\000V\000\300\000\040\000C\000H\036\356\000\040\000V\000I\036\276\000T\000\040\000T\036\256\000T}{}% 1
\BOOKMARK [0][-]{chapter.1}{\376\377\000M\036\337\000\040\001\021\036\247\000u}{}% 2
\BOOKMARK [1][-]{section.1.1}{\376\377\000G\000i\036\333\000i\000\040\000t\000h\000i\036\307\000u\000\040\000v\036\245\000n\000\040\001\021\036\301}{chapter.1}% 3
\BOOKMARK [1][-]{section.1.2}{\376\377\000P\000h\001\260\001\241\000n\000g\000\040\000p\000h\000\341\000p\000\040\000t\000i\036\277\000p\000\040\000c\036\255\000n\000\040\000v\000\340\000\040\000m\036\345\000c\000\040\000t\000i\000\352\000u\000\040\000n\000g\000h\000i\000\352\000n\000\040\000c\036\351\000u}{chapter.1}% 4
\BOOKMARK [0][-]{chapter.2}{\376\377\000C\001\241\000\040\000s\036\337\000\040\000l\000\375\000\040\000t\000h\000u\000y\036\277\000t\000\040\000c\036\347\000a\000\040\000h\036\307\000\040\000t\000h\036\321\000n\000g\000\040\000X\000G\000B\000-\000D\000Q\000N}{}% 5
\BOOKMARK [1][-]{section.2.1}{\376\377\000M\000\364\000\040\000h\000\354\000n\000h\000\040\000m\000\364\000i\000\040\000t\000r\001\260\036\335\000n\000g\000\040\000g\036\247\000n\000\040\001\021\000\372\000n\000g\000\040\000X\000G\000B\000o\000o\000s\000t\000\040\000\050\000S\000u\000r\000r\000o\000g\000a\000t\000e\000\040\000M\000o\000d\000e\000l\000\051}{chapter.2}% 6
\BOOKMARK [2][-]{subsection.2.1.1}{\376\377\000C\000\341\000c\000\040\001\021\036\267\000c\000\040\000t\000r\001\260\000n\000g\000\040\000c\036\347\000a\000\040\000d\036\357\000\040\000l\000i\036\307\000u\000\040\001\021\036\247\000u\000\040\000v\000\340\000o}{section.2.1}% 7
\BOOKMARK [1][-]{section.2.2}{\376\377\000T\000\341\000c\000\040\000t\036\355\000\040\000H\036\315\000c\000\040\000t\001\003\000n\000g\000\040\000c\001\260\036\335\000n\000g\000\040\000Q\000-\000L\000e\000a\000r\000n\000i\000n\000g\000\040\000s\000\342\000u\000\040\000\050\000D\000Q\000N\000\051}{chapter.2}% 8
\BOOKMARK [2][-]{subsection.2.2.1}{\376\377\000K\000h\000\364\000n\000g\000\040\000g\000i\000a\000n\000\040\000h\000\340\000n\000h\000\040\001\021\036\331\000n\000g\000\040\000\050\000A\000c\000t\000i\000o\000n\000\040\000S\000p\000a\000c\000e\000\051}{section.2.2}% 9
\BOOKMARK [2][-]{subsection.2.2.2}{\376\377\000H\000\340\000m\000\040\000R\000e\000w\000a\000r\000d\000\040\000v\000\340\000\040\000T\000i\000\352\000u\000\040\000c\000h\000u\036\251\000n\000\040\000T\000i\036\307\000n\000\040\000n\000g\000h\000i\000\040\000N\000h\000i\036\307\000t\000\040\000T\000h\000\355\000c\000h\000\040\036\351\000n\000g\000\040\000A\000S\000H\000R\000A\000E\000\040\0005\0005}{section.2.2}% 10
\BOOKMARK [2][-]{subsection.2.2.3}{\376\377\000C\036\255\000p\000\040\000n\000h\036\255\000t\000\040\000M\036\241\000n\000g\000\040\000T\000h\036\247\000n\000\040\000k\000i\000n\000h\000\040\000D\000Q\000N}{section.2.2}% 11
\BOOKMARK [1][-]{section.2.3}{\376\377\000C\000\341\000c\000\040\000p\000h\001\260\001\241\000n\000g\000\040\000p\000h\000\341\000p\000\040\001\021\000i\036\301\000u\000\040\000k\000h\000i\036\303\000n\000\040\000t\000r\000u\000y\036\301\000n\000\040\000t\000h\036\321\000n\000g\000\040\000v\000\340\000\040\000C\000h\036\311\000\040\000s\036\321\000\040\001\021\000\341\000n\000h\000\040\000g\000i\000\341\000\040\000s\000o\000\040\000s\000\341\000n\000h}{chapter.2}% 12
\BOOKMARK [2][-]{subsection.2.3.1}{\376\377\000C\000\341\000c\000\040\000b\036\331\000\040\001\021\000i\036\301\000u\000\040\000k\000h\000i\036\303\000n\000\040\000H\000V\000A\000C\000\040\000t\000r\000u\000y\036\301\000n\000\040\000t\000h\036\321\000n\000g}{section.2.3}% 13
\BOOKMARK [2][-]{subsection.2.3.2}{\376\377\000C\000\341\000c\000\040\000t\000h\000a\000m\000\040\000s\036\321\000\040\001\021\000\341\000n\000h\000\040\000g\000i\000\341\000\040\000h\000i\036\307\000u\000\040\000n\001\003\000n\000g}{section.2.3}% 14
\BOOKMARK [2][-]{subsection.2.3.3}{\376\377\000C\001\241\000\040\000c\000h\036\277\000\040\000t\000i\036\307\000n\000\040\000n\000g\000h\000i\000\040\000v\000\340\000\040\000t\000i\036\277\000t\000\040\000k\000i\036\307\000m\000\040\000n\001\003\000n\000g\000\040\000l\001\260\036\343\000n\000g\000\040\000c\036\347\000a\000\040\000t\000\341\000c\000\040\000t\036\355\000\040\000R\000L}{section.2.3}% 15
\BOOKMARK [0][-]{chapter.3}{\376\377\000P\000h\000\342\000n\000\040\000t\000\355\000c\000h\000\040\000h\036\241\000n\000\040\000c\000h\036\277\000\040\000k\036\371\000\040\000t\000h\000u\036\255\000t\000\040\000c\036\347\000a\000\040\000r\000e\000p\000o\000\040\000g\036\321\000c\000\040\000W\000H\000U\000-\000L\000X}{}% 16
\BOOKMARK [1][-]{section.3.1}{\376\377\000L\036\327\000i\000\040\000Q\000u\000\341\000\040\000k\000h\036\333\000p\000\040\001\020\001\241\000n\000\040\000n\000g\000\340\000y\000\040\000\050\000S\000i\000n\000g\000l\000e\000-\000d\000a\000y\000\040\000O\000v\000e\000r\000f\000i\000t\000t\000i\000n\000g\000\051}{chapter.3}% 17
\BOOKMARK [1][-]{section.3.2}{\376\377\000S\036\361\000\040\000b\036\245\000t\000\040\001\021\036\321\000i\000\040\000x\036\351\000n\000g\000\040\000v\036\301\000\040\000b\000i\000\352\000n\000\040\001\021\036\331\000\040\000t\000r\000o\000n\000g\000\040\000h\000\340\000m\000\040\000p\000h\036\241\000t\000\040\000R\000e\000w\000a\000r\000d\000\040\000\050\000L\036\327\000i\000\040\0000\000\045\000\040\000A\000C\000\051}{chapter.3}% 18
\BOOKMARK [1][-]{section.3.3}{\376\377\000T\000h\000i\036\277\000u\000\040\000c\036\245\000u\000\040\000t\000r\000\372\000c\000\040\000m\036\241\000n\000g\000\040\000T\000a\000r\000g\000e\000t\000\040\000N\000e\000t\000w\000o\000r\000k\000\040\000v\000\340\000\040\000K\000h\000\364\000n\000g\000\040\000c\000h\000u\036\251\000n\000\040\000h\000\363\000a\000\040\000S\000t\000a\000t\000e}{chapter.3}% 19
\BOOKMARK [0][-]{chapter.4}{\376\377\000C\036\243\000i\000\040\000t\000i\036\277\000n\000\040\000k\036\371\000\040\000t\000h\000u\036\255\000t\000\040\001\021\036\301\000\040\000x\000u\036\245\000t\000\040\000v\000\340\000\040\000S\001\241\000\040\001\021\036\323\000\040\000h\000o\036\241\000t\000\040\001\021\036\331\000n\000g\000\040\000c\036\347\000a\000\040\000c\000h\001\260\001\241\000n\000g\000\040\000t\000r\000\354\000n\000h}{}% 20
\BOOKMARK [1][-]{section.4.1}{\376\377\000C\000\341\000c\000\040\000c\036\243\000i\000\040\000t\000i\036\277\000n\000\040\000t\000h\000u\036\255\000t\000\040\000t\000o\000\341\000n\000\040\000c\036\321\000t\000\040\000l\000\365\000i}{chapter.4}% 21
\BOOKMARK [1][-]{section.4.2}{\376\377\000T\000h\000i\036\277\000t\000\040\000k\036\277\000\040\000m\036\241\000n\000g\000\040\000D\000Q\000N\000\040\000c\036\243\000i\000\040\000t\000i\036\277\000n}{chapter.4}% 22
\BOOKMARK [1][-]{section.4.3}{\376\377\000S\001\241\000\040\001\021\036\323\000\040\000h\000o\036\241\000t\000\040\001\021\036\331\000n\000g\000\040\000c\036\347\000a\000\040\000c\000h\001\260\001\241\000n\000g\000\040\000t\000r\000\354\000n\000h}{chapter.4}% 23
\BOOKMARK [2][-]{subsection.4.3.1}{\376\377\000T\036\325\000n\000g\000\040\000q\000u\000a\000n\000\040\000K\000i\036\277\000n\000\040\000t\000r\000\372\000c\000\040\000H\036\307\000\040\000t\000h\036\321\000n\000g}{section.4.3}% 24
\BOOKMARK [2][-]{subsection.4.3.2}{\376\377\000L\000u\036\323\000n\000g\000\040\000H\000u\036\245\000n\000\040\000l\000u\000y\036\307\000n\000\040\000T\036\325\000n\000g\000\040\000q\000u\000a\000n}{section.4.3}% 25
\BOOKMARK [2][-]{subsection.4.3.3}{\376\377\000C\000h\000i\000\040\000t\000i\036\277\000t\000\040\000Q\000u\000\341\000\040\000t\000r\000\354\000n\000h\000\040\000R\000a\000\040\000q\000u\000y\036\277\000t\000\040\001\021\036\313\000n\000h}{section.4.3}% 26
\BOOKMARK [2][-]{subsection.4.3.4}{\376\377\000M\000\364\000i\000\040\000t\000r\001\260\036\335\000n\000g\000\040\000T\000h\036\361\000c\000\040\000t\000h\000i\000\040\000v\000\340\000\040\000P\000h\036\243\000n\000\040\000h\036\323\000i}{section.4.3}% 27
\BOOKMARK [2][-]{subsection.4.3.5}{\376\377\000Q\000u\000\341\000\040\000t\000r\000\354\000n\000h\000\040\000C\036\255\000p\000\040\000n\000h\036\255\000t\000\040\000M\036\241\000n\000g\000\040\000D\000Q\000N}{section.4.3}% 28
\BOOKMARK [0][-]{chapter.5}{\376\377\000K\036\277\000t\000\040\000q\000u\036\243\000\040\000t\000h\036\361\000c\000\040\000n\000g\000h\000i\036\307\000m\000\040\000v\000\340\000\040\000t\000h\036\243\000o\000\040\000l\000u\036\255\000n}{}% 29
\BOOKMARK [1][-]{section.5.1}{\376\377\001\020\000\341\000n\000h\000\040\000g\000i\000\341\000\040\000h\000i\036\307\000u\000\040\000n\001\003\000n\000g\000\040\000t\000h\000u\036\255\000t\000\040\000t\000o\000\341\000n\000\040\000X\000G\000B\000-\000D\000Q\000N}{chapter.5}% 30
\BOOKMARK [2][-]{subsection.5.1.1}{\376\377\001\020\036\331\000\040\000c\000h\000\355\000n\000h\000\040\000x\000\341\000c\000\040\000d\036\361\000\040\000b\000\341\000o\000\040\000c\036\347\000a\000\040\000m\000\364\000\040\000h\000\354\000n\000h\000\040\000X\000G\000B\000o\000o\000s\000t\000\040\000\050\000S\000u\000r\000r\000o\000g\000a\000t\000e\000\040\000M\000o\000d\000e\000l\000\051}{section.5.1}% 31
\BOOKMARK [2][-]{subsection.5.1.2}{\376\377\000S\036\361\000\040\000h\036\331\000i\000\040\000t\036\345\000\040\000c\036\347\000a\000\040\000X\000G\000B\000-\000D\000Q\000N\000\040\000q\000u\000a\000\040\001\021\001\260\036\335\000n\000g\000\040\000c\000o\000n\000g\000\040\000p\000h\036\247\000n\000\040\000t\000h\001\260\036\337\000n\000g}{section.5.1}% 32
\BOOKMARK [1][-]{section.5.2}{\376\377\000T\036\321\000i\000\040\001\260\000u\000\040\000h\000\363\000a\000\040\000h\000i\036\307\000u\000\040\000n\001\003\000n\000g\000\040\000v\000\340\000\040\000k\000h\036\243\000\040\000n\001\003\000n\000g\000\040\000t\000i\036\277\000t\000\040\000k\000i\036\307\000m\000\040\000n\001\003\000n\000g\000\040\000l\001\260\036\343\000n\000g}{chapter.5}% 33
\BOOKMARK [2][-]{subsection.5.2.1}{\376\377\000D\000u\000y\000\040\000t\000r\000\354\000\040\000v\000\340\000\040\000c\036\243\000i\000\040\000t\000h\000i\036\307\000n\000\040\000t\000i\036\307\000n\000\040\000n\000g\000h\000i\000\040\000n\000h\000i\036\307\000t\000\040\000t\000r\000o\000n\000g\000\040\000n\000h\000\340}{section.5.2}% 34
\BOOKMARK [2][-]{subsection.5.2.2}{\376\377\000T\000i\000\352\000u\000\040\000t\000h\036\345\000\040\000n\001\003\000n\000g\000\040\000l\001\260\036\343\000n\000g\000\040\000v\000\340\000\040\000c\000h\000i\000\040\000p\000h\000\355\000\040\000t\000i\036\301\000n\000\040\001\021\000i\036\307\000n\000\040\001\260\036\333\000c\000\040\000t\000\355\000n\000h}{section.5.2}% 35
\BOOKMARK [1][-]{section.5.3}{\376\377\001\020\000i\036\301\000u\000\040\000k\000h\000i\036\303\000n\000\040\000p\000h\036\321\000i\000\040\000h\036\343\000p\000\040\000t\000h\000\364\000n\000g\000\040\000m\000i\000n\000h\000\040\000g\000i\036\357\000a\000\040\000H\000V\000A\000C\000\040\000v\000\340\000\040\000c\036\355\000a\000\040\000s\036\325}{chapter.5}% 36
\BOOKMARK [1][-]{section.5.4}{\376\377\000P\000h\000\342\000n\000\040\000t\000\355\000c\000h\000\040\000v\036\255\000n\000\040\000h\000\340\000n\000h\000\040\000t\000h\000e\000o\000\040\000c\000h\000u\036\327\000i\000\040\000t\000h\036\335\000i\000\040\000g\000i\000a\000n\000\040\000t\000u\036\247\000n\000\040\000t\000i\000\352\000u\000\040\000b\000i\036\303\000u}{chapter.5}% 37
\BOOKMARK [1][-]{section.5.5}{\376\377\000P\000h\000\342\000n\000\040\000t\000\355\000c\000h\000\040\000c\000\341\000c\000\040\001\021\036\323\000\040\000t\000h\036\313\000\040\000t\000\341\000i\000\040\000h\000i\036\307\000n\000\040\000d\000o\000\040\000n\000h\000\363\000m\000\040\000x\000\342\000y\000\040\000d\036\361\000n\000g}{chapter.5}% 38
\BOOKMARK [0][-]{chapter.6}{\376\377\000K\036\277\000t\000\040\000l\000u\036\255\000n\000\040\000v\000\340\000\040\001\021\036\313\000n\000h\000\040\000h\001\260\036\333\000n\000g\000\040\000p\000h\000\341\000t\000\040\000t\000r\000i\036\303\000n}{}% 39
\BOOKMARK [1][-]{section.6.1}{\376\377\000K\036\277\000t\000\040\000l\000u\036\255\000n}{chapter.6}% 40
\BOOKMARK [1][-]{section.6.2}{\376\377\001\020\036\313\000n\000h\000\040\000h\001\260\036\333\000n\000g\000\040\000p\000h\000\341\000t\000\040\000t\000r\000i\036\303\000n\000\040\000t\000i\036\277\000p\000\040\000t\000h\000e\000o}{chapter.6}% 41
\BOOKMARK [0][-]{chapter*.5}{\376\377\000P\000h\000\342\000n\000\040\000c\000\364\000n\000g\000\040\000c\000\364\000n\000g\000\040\000v\000i\036\307\000c}{}% 42
\BOOKMARK [0][-]{table.6.1}{\376\377\000T\000\340\000i\000\040\000l\000i\036\307\000u\000\040\000t\000h\000a\000m\000\040\000k\000h\036\243\000o}{}% 43
